YYYY-MM-DD  WEIGHT(KG)  CALORIES(KCAL)
2025-04-10  72.4        2350
2025-04-11  72.6        2400
2025-04-12  72.5        2200

